28 gadus vec@@ s pa@@ vār@@ s atra@@ sts mir@@ is San@@ fran@@ c@@ isko liel@@ veikal@@ ā
šonedēļ kāda liel@@ veikal@@ a kāp@@ ņ@@ ut@@ el@@ p@@ ā atra@@ sts mir@@ is 28 gadus vec@@ s pa@@ vār@@ s , kurš nesen pār@@ cēl@@ ies uz San@@ fran@@ c@@ isko .
bet up@@ ura br@@ āl@@ is saka , ka viņš nevar iedomāties nevienu , kurš gribētu no@@ darīt pāri viņa br@@ āl@@ im , norādot , ka : &quot; viņa dzīve beidzot sāka uzlab@@ oties &quot; .
lī@@ ķ@@ is , kas trešdien atra@@ sts pie V@@ est@@ f@@ īl@@ das liel@@ veikal@@ a , ticis identific@@ ēts kā 28 gadus vec@@ ais San@@ fran@@ c@@ isko iedzīvotājs F@@ ren@@ ks Gal@@ ic@@ ia , teica San@@ fran@@ c@@ isko tiesu medicīnas eksper@@ t@@ īzes biroja pārstāvis .
San@@ fran@@ c@@ isko policija paziņoja , ka viņa nāve atzīta par slepkavību un šobrīd notiek izmeklēšana .
up@@ ura br@@ āl@@ is Lu@@ iss Gal@@ ic@@ ia stāsta San@@ fran@@ c@@ isko raid@@ stac@@ ijai AB@@ C K@@ G@@ O , ka F@@ ren@@ ks iepriekš strādājis par pa@@ vār@@ u B@@ ost@@ onā , bet pirms sešiem mēnešiem viņš ticis pie sava sap@@ ņu darba restor@@ ānā &quot; S@@ ons &amp; D@@ aug@@ h@@ ters &quot; San@@ fran@@ c@@ isko .
restor@@ āna &quot; S@@ ons &amp; D@@ aug@@ h@@ ters &quot; pārstāvis informē , ka ziņa par viņa nāvi viņus šok@@ ēja un sat@@ rie@@ ca .
&quot; mēs esam maza komanda , kas strādā kā salie@@ dēta ģimen@@ e un mums viņš ļoti pie@@ trū@@ ks &quot; , teica pārstāvis .
šajā grū@@ tajā laikā mēs dom@@ ās esam kopā ar F@@ ren@@ ka draugiem un ģimeni .
Lu@@ iss Gal@@ ic@@ ia stāsta , ka sākumā F@@ ren@@ ks esot n@@ ak@@ š@@ ņ@@ ojis ho@@ ste@@ ļos , bet pēdējā laikā dzīve beidzot esot uzlabojusies .
&quot; viņš iev@@ āc@@ ās jaunā dzīv@@ o@@ klī un satik@@ ās ar kādu meiten@@ i &quot; , Lu@@ iss stāsta radio@@ stac@@ ijai K@@ G@@ O .
Lu@@ iss Gal@@ ic@@ ia apgalvo , ka nezina , kurš gribētu no@@ darīt pāri viņa jaun@@ ākajam br@@ āl@@ im .
viņš bija labs cilvēks ar plašu sir@@ di .
&quot; viņš vienmēr pal@@ ut@@ ināja savu ģimeni , pa@@ gatavojot gar@@ š@@ īgu mal@@ tī@@ ti un gatavojot pus@@ dienas &quot; , teica Lu@@ iss Gal@@ ic@@ ia
viņš nekad ne@@ vēlējās iesaistīties strīd@@ os .
viņš bija tas br@@ āl@@ is , kurš pielāgo@@ jās pārējiem .
&quot; ņemot vērā visu , kas pasaulē no@@ gāj@@ is g@@ reizi , viņš bija kā ne@@ apstrād@@ āts dim@@ ants , kas ik dienu spo@@ ži mir@@ dz@@ ēja &quot; , viņš saka .
ikviens , kuram ir informācija par notikušo , ir aicināts zvan@@ īt uz SF@@ PD Informācijas tālrun@@ i 4@@ 15 @-@ 5@@ 75 @-@ 44@@ 44 .
jauno ārstu stre@@ iks : aicina uz jauniem protest@@ iem
jauno ārstu pārstāvji pieprasa savu arodbiedrību uzsākt protest@@ us strīd@@ ā par jauno līgumu .
Lielbritānijas Med@@ ic@@ īnas Asociācijas ( L@@ MA ) Jaun@@ o ārstu komiteja ( J@@ AK ) gatavojas pieprasīt padomi atbalstīt plaš@@ ākus protest@@ us septembra sākumā .
J@@ AK uzskata , ka ministriem nav izdevies klie@@ dēt šaubas par līgumu .
jūlijā jaunie ār@@ sti un medicīnas studenti noraidīja L@@ MA piedāvāto līgumu .
pret līgumu nobalsoja 58 % no visiem biedriem , kas piedalījās balsojumā .
ceturt@@ dienas vakarā publicētajā vēst@@ ījumā Twitter , J@@ AK padomes locekle E@@ lē@@ na Mak@@ kor@@ ta norāda , ka valdība turpina klus@@ ēt šajā jautājumā un tādēļ līguma piedāvājums ir noraidīts .
viņa teica : &quot; ņemot to vērā , J@@ AK balsojuma rezultātā līguma piedāvājums ir pilnībā noraidīts un pieņemts lēmums pieprasīt jaunas form@@ ālas pārrunas , lai apspriestu svarīgākos jautājumus &quot; .
atbildot uz valdības klus@@ ēšanu , J@@ AK šodien oficiāli pieprasīja tikšanos ar L@@ MA padomi , lai autor@@ izētu jaunu līgumu izstrādi , kas stātos spēkā septembrī .
strīda rezultātā jaunie ār@@ sti piedal@@ ījušies sešos stre@@ ik@@ os , tai skaitā , pirmo reizi N@@ HS vēsturē pārtrauk@@ uši darbu .
pēc balsojuma , ar kuru tika noraid@@ īti L@@ MA piedāv@@ ātie līguma nosacījumi , ko rekomend@@ ēja B@@ MA , no amata atkāp@@ ās L@@ MA jauno ārstu pārstāvis Dr. Jo@@ h@@ ans Mal@@ aw@@ ana .
pirms tikšanās ar 54 000 jaunajiem ārst@@ iem un medicīnas studentiem , viņš bija teicis B@@ MA biedriem , ka piedāvājums ir labs un tiks pieņemts .
