28 gadus vec@@ s pa@@ vār@@ s atra@@ sts mir@@ is San@@ fran@@ c@@ isko liel@@ veikal@@ ā
šonedēļ kāda liel@@ veikal@@ a kāp@@ ņ@@ ut@@ el@@ p@@ ā atra@@ sts mir@@ is 28 gadus vec@@ s pa@@ vār@@ s , kurš nesen pār@@ cēl@@ ies uz San@@ fran@@ c@@ isko .
bet up@@ ura br@@ āl@@ is saka , ka viņš nevar iedomāties nevienu , kurš gribētu no@@ darīt pāri viņa br@@ āl@@ im , norādot , ka : &quot; viņa dzīve beidzot sāka uzlab@@ oties &quot; .
lī@@ ķ@@ is , kas trešdien atra@@ sts pie V@@ est@@ f@@ īl@@ das liel@@ veikal@@ a , ticis identific@@ ēts kā 28 gadus vec@@ ais San@@ fran@@ c@@ isko iedzīvotājs F@@ ren@@ ks Gal@@ ic@@ ia , teica San@@ fran@@ c@@ isko tiesu medicīnas eksper@@ t@@ īzes biroja pārstāvis .
San@@ fran@@ c@@ isko policija paziņoja , ka viņa nāve atzīta par slepkavību un šobrīd notiek izmeklēšana .
up@@ ura br@@ āl@@ is Lu@@ iss Gal@@ ic@@ ia stāsta San@@ fran@@ c@@ isko raid@@ stac@@ ijai AB@@ C K@@ G@@ O , ka F@@ ren@@ ks iepriekš strādājis par pa@@ vār@@ u B@@ ost@@ onā , bet pirms sešiem mēnešiem viņš ticis pie sava sap@@ ņu darba restor@@ ānā &quot; S@@ ons &amp; D@@ aug@@ h@@ ters &quot; San@@ fran@@ c@@ isko .
restor@@ āna &quot; S@@ ons &amp; D@@ aug@@ h@@ ters &quot; pārstāvis informē , ka ziņa par viņa nāvi viņus šok@@ ēja un sat@@ rie@@ ca .
&quot; mēs esam maza komanda , kas strādā kā salie@@ dēta ģimen@@ e un mums viņš ļoti pie@@ trū@@ ks &quot; , teica pārstāvis .
šajā grū@@ tajā laikā mēs dom@@ ās esam kopā ar F@@ ren@@ ka draugiem un ģimeni .
Lu@@ iss Gal@@ ic@@ ia stāsta , ka sākumā F@@ ren@@ ks esot n@@ ak@@ š@@ ņ@@ ojis ho@@ ste@@ ļos , bet pēdējā laikā dzīve beidzot esot uzlabojusies .
&quot; viņš iev@@ āc@@ ās jaunā dzīv@@ o@@ klī un satik@@ ās ar kādu meiten@@ i &quot; , Lu@@ iss stāsta radio@@ stac@@ ijai K@@ G@@ O .
Lu@@ iss Gal@@ ic@@ ia apgalvo , ka nezina , kurš gribētu no@@ darīt pāri viņa jaun@@ ākajam br@@ āl@@ im .
viņš bija labs cilvēks ar plašu sir@@ di .
&quot; viņš vienmēr pal@@ ut@@ ināja savu ģimeni , pa@@ gatavojot gar@@ š@@ īgu mal@@ tī@@ ti un gatavojot pus@@ dienas &quot; , teica Lu@@ iss Gal@@ ic@@ ia
viņš nekad ne@@ vēlējās iesaistīties strīd@@ os .
viņš bija tas br@@ āl@@ is , kurš pielāgo@@ jās pārējiem .
&quot; ņemot vērā visu , kas pasaulē no@@ gāj@@ is g@@ reizi , viņš bija kā ne@@ apstrād@@ āts dim@@ ants , kas ik dienu spo@@ ži mir@@ dz@@ ēja &quot; , viņš saka .
ikviens , kuram ir informācija par notikušo , ir aicināts zvan@@ īt uz SF@@ PD Informācijas tālrun@@ i 4@@ 15 @-@ 5@@ 75 @-@ 44@@ 44 .
jauno ārstu stre@@ iks : aicina uz jauniem protest@@ iem
jauno ārstu pārstāvji pieprasa savu arodbiedrību uzsākt protest@@ us strīd@@ ā par jauno līgumu .
Lielbritānijas Med@@ ic@@ īnas Asociācijas ( L@@ MA ) Jaun@@ o ārstu komiteja ( J@@ AK ) gatavojas pieprasīt padomi atbalstīt plaš@@ ākus protest@@ us septembra sākumā .
J@@ AK uzskata , ka ministriem nav izdevies klie@@ dēt šaubas par līgumu .
jūlijā jaunie ār@@ sti un medicīnas studenti noraidīja L@@ MA piedāvāto līgumu .
pret līgumu nobalsoja 58 % no visiem biedriem , kas piedalījās balsojumā .
ceturt@@ dienas vakarā publicētajā vēst@@ ījumā Twitter , J@@ AK padomes locekle E@@ lē@@ na Mak@@ kor@@ ta norāda , ka valdība turpina klus@@ ēt šajā jautājumā un tādēļ līguma piedāvājums ir noraidīts .
viņa teica : &quot; ņemot to vērā , J@@ AK balsojuma rezultātā līguma piedāvājums ir pilnībā noraidīts un pieņemts lēmums pieprasīt jaunas form@@ ālas pārrunas , lai apspriestu svarīgākos jautājumus &quot; .
atbildot uz valdības klus@@ ēšanu , J@@ AK šodien oficiāli pieprasīja tikšanos ar L@@ MA padomi , lai autor@@ izētu jaunu līgumu izstrādi , kas stātos spēkā septembrī .
strīda rezultātā jaunie ār@@ sti piedal@@ ījušies sešos stre@@ ik@@ os , tai skaitā , pirmo reizi N@@ HS vēsturē pārtrauk@@ uši darbu .
pēc balsojuma , ar kuru tika noraid@@ īti L@@ MA piedāv@@ ātie līguma nosacījumi , ko rekomend@@ ēja B@@ MA , no amata atkāp@@ ās L@@ MA jauno ārstu pārstāvis Dr. Jo@@ h@@ ans Mal@@ aw@@ ana .
pirms tikšanās ar 54 000 jaunajiem ārst@@ iem un medicīnas studentiem , viņš bija teicis B@@ MA biedriem , ka piedāvājums ir labs un tiks pieņemts .
pēc balsošanas , veselības sekretārs D@@ že@@ rem@@ ijs H@@ ants informēja , ka līgums tiks noslēgts ar Anglijas medi@@ ķ@@ iem .
Krievija un Turcija : atstum@@ to alian@@ se ?
ž@@ ests , kas iz@@ beidza krīzi .
Krievijas un Turcijas vadītāji tikās otrdien , lai sar@@ ok@@ otos un paziņ@@ otu par astoņus mēnešus ilg@@ ušā vārdu un ekonomisko sankciju kara beigām .
taču Vladim@@ i@@ ram P@@ ut@@ in@@ am sa@@ sveic@@ inoties ar Turcijas līderi San@@ kt@@ pē@@ ter@@ burgas pil@@ ī , radās iespaids , ka šīs partnerattiecības vairāk ir vajadzīgas An@@ kar@@ ai .
tomēr abi sar@@ o@@ ko@@ jās .
Vladim@@ ira Put@@ ina sma@@ ids izskat@@ ījās sa@@ māksl@@ ots un ne@@ izraisīja sil@@ tas emo@@ cijas , pat ņemot vērā viņa iera@@ sto attur@@ ību .
turpretī Red@@ že@@ ps Taj@@ j@@ ips Erdo@@ gan@@ s vismaz piecas reizes no@@ dēvē@@ ja Put@@ inu par savu &quot; dār@@ go draugu &quot; , vēsta tikšanās apskat@@ s .
man no@@ ju@@ ka skaits .
tāpat viņš solīja , ka attiecības ar Krieviju ne tikai uzlabosies līdz pirmsk@@ r@@ īzes līmenim , bet kļūs vēl stipr@@ ākas .
nākamajā dienā kāds laikrakst@@ s ziņoja , ka Erdo@@ gan@@ s uz@@ ve@@ dies tā , it kā nekas nebūtu noticis .
manuprāt , viņa entuzias@@ ms izraisa pretrun@@ īgas izjū@@ tas .
taču no Put@@ ina star@@ ojoš@@ ais vē@@ s@@ ums liecina , ka Krievijas līderis neko nav aizmir@@ sis .
pirmais , ko viņš pieminēja savā uzrunā , bija Krievijas lidmašīnas no@@ tr@@ iek@@ šana uz Sīrijas robežas .
toreiz Maskav@@ a reaģēja asi .
Put@@ ins apsūdz@@ ēja An@@ karu , ka tā ied@@ ūr@@ usi d@@ un@@ ci Maskav@@ as mugur@@ ā .
pār@@ id@@ ar@@ ījums bija vēl sāp@@ īgāks , ņemot vērā , ka tas nāca no d@@ rauga puses .
atjaunot patiesu uzticību būs ļoti grūti , varbūt pat neiespējami .
kopš novembra Krievijas publiskā nostāja gan ir mainījusies .
vairākus mēnešus valdības kontrol@@ ētā televīz@@ ija izplat@@ īja agres@@ īv@@ us apvain@@ ojumus pret An@@ karu .
pēkšņi lik@@ ās , ka pie visa bija vain@@ īgi tur@@ ki .
visnopietn@@ ākās bija apsūdzības , ka paša Erdo@@ gan@@ a ģimen@@ e guvusi peļņu no nelegālās naftas tirdzniecības ar Islāma Valsts kontrol@@ ēto Sīrijas daļu .
viņš pats to , protams , no@@ liedza .
taču San@@ kt@@ pē@@ ter@@ burgas tikšanās galvenais vēstījums , ka pienācis laiks aizmirst pagātni .
galu galā šī tikšanās notika tikai tādēļ , ka Put@@ ins saņēma prezidenta Erdo@@ gan@@ a atvain@@ ošanos .
Krievija to varētu uztvert kā sava veida uzvaru .
An@@ karas ieguvums no miera izlīguma ir acīmredzams .
pirmkārt , Erdo@@ gan@@ am ir vajadzīgi visi iespējamie draugi pēc neveiksm@@ īgā apvērs@@ uma pagājušajā mēnesī , kurā viņu mēģināja gāz@@ t .
arī neskaitā@@ mie teroristu uzbrukumi ir satric@@ inājušas viņa pozīcijas .
tāpat ir arī ekonomiskie mot@@ īvi .
Krievijas sankcijas ir radījušas pamat@@ īgus zaudējumus , it sevišķi č@@ ar@@ ter@@ re@@ isu aizliegums , kas parasti katru gadu nodrošina vairāku miljonu krievu tūristu pieplūd@@ umu Turcijas kū@@ ror@@ tos .
tūristu skaits samazinājās gandrīz par 90 % .
arī Krievijas tū@@ rop@@ er@@ atori un č@@ ar@@ ter@@ kompānijas atviegl@@ oti uz@@ elpo@@ s , kad tiks atjauno@@ ti regul@@ ārie lidojumi .
viņi cer uz atvaļinājumu dru@@ dz@@ i Vidusjūrā sezonas iz@@ skaņ@@ ā .
jau šonedēļ valsts TV paredz augļu un dārzeņu cenu pazem@@ ināšanos , jo tiks atjauno@@ ts Turcijas augļu un dārzeņu imports .
kā cit@@ ē viet@@ ējais laikrakst@@ s Ve@@ demo@@ sti : &quot; tūr@@ istus viņiem , tom@@ ātus mums &quot; .
taču vizī@@ tei bija arī citi politiskie mot@@ īvi no Maskav@@ as puses .
An@@ kara ir d@@ usm@@ īga uz Riet@@ umiem par , viņ@@ u@@ prāt , vāj@@ o reakciju uz apvērs@@ uma mēģinājumu .
pie visa var pie@@ skatīt arī neapmierinātību ar ieilg@@ ušajām sarunām par pievienošanos ES un Put@@ ina iejaukšanos , kurš labprāt izmanto situāciju , ka Turcija at@@ sveš@@ inājusies no Riet@@ umiem .
Krievijas līderis nešaub@@ īgi ieguva papild@@ punktus An@@ karas acīs , izsakot atbalstu tās ievēlē@@ tajai valdībai pēc apvērs@@ uma mēģ@@ inājuma .
ņem@@ iet vērā , ka Maskav@@ a to labi saprot , jo pašai ir dziļi ie@@ sakņ@@ ojušās bailes no režīma maiņas valstī .
samits , kas norisinājās šajā g@@ rez@@ n@@ ajā pie@@ jūras pil@@ ī , deva Krievijai un Turcijai iespēju prezent@@ ēt , kā to no@@ dēvē@@ ja kāds anal@@ īt@@ iķ@@ is , &quot; atstum@@ to alian@@ si &quot; , divas valstis , kas jūtas atstum@@ tas no Riet@@ umiem , apvieno spēkus .
taču neskatoties uz publiski demonstr@@ ēto vienotību , abu valstu starpā joprojām pastāv ievērojamas viedokļu atšķirības .
galvenās nesaskaņas skar Sīriju , kur Krievija prezent@@ ē sevi kā miera nesēju , taču faktiski Krievija un Turcija atbalsta pret@@ ējās puses .
pēc vairāk nekā trīs stundu garām sākotn@@ ējām sarunām , ne@@ vēl@@ oties atklāt informāciju , abi prezident@@ i preses konferencē paziņoja , ka viņi šo jautājumu nav pārrun@@ āj@@ uši .
Turcijas prezidents mērķtiecīgi izvair@@ ījās no jautājumiem par abu valstu nesaskaņ@@ ām , savukārt prezidents Put@@ ins vēlējās tās uzsvērt .
nav skaidras vienprātības , kā abas valstis varētu atrast kopīgu valodu Sīrijas jautājumā .
taču pēc mēnešiem ilg@@ ām atklāti naid@@ īgām attiecībām un potenci@@ ālas katastrofas , kad NATO locekle Turcija no@@ triec@@ a Krievijas kaujas lidmašīnu , situācija ir uzlabojusies , jo abi līderi vismaz ir atsāk@@ uši sarunas .
Skotijas Kar@@ al@@ iskā Banka vairs nebūs pieejama klientiem ārpus Skotijas
zīmo@@ lam SK@@ B turpmāk būs atbalsta loma , paziņojis bankas izpilddirektors .
ārpus Skotijas SK@@ B vairs nebūs pieejama .
Ro@@ ss Mak@@ ev@@ ans stāsta BBC kan@@ ālam Skot@@ ijā , ka SK@@ B zīm@@ ols tika asoci@@ ēts ar bankas amb@@ īcijām globālā mērogā .
tā ir atteik@@ usies no šīm amb@@ īcijām , jo pirms astoņiem gadiem banka gandrīz bankrot@@ ēja un tai bija nepieciešama finansiāla palīdzība .
tikmēr zīm@@ ol@@ vedības stratēģijas eksperti ir izmantojuši SK@@ B zīm@@ olu , lai pasargātu citus patērētāju finanšu zīm@@ ol@@ us .
banka saņēma miljoniem mār@@ ci@@ ņu no starptautiskā sporta spon@@ s@@ oriem , sākot ar Se@@ šu Nāciju reg@@ biju un beidzot ar V@@ im@@ bl@@ d@@ onas ten@@ isa čempion@@ u En@@ d@@ iju M@@ ure@@ ju .
taču tagad ir nolemts izvirzīt priekšplānā citus nacion@@ ālos zīm@@ ol@@ us .
Skotijas Kar@@ al@@ iskā Ban@@ a@@ ka būs pieejama Skotijas klientiem , taču tā netiks inici@@ aliz@@ ēta .
Angl@@ ijā un Vel@@ sā visas SK@@ B atsauces , ārpus galvenā biroja un oficiālā biržas saraksta , tiks nomain@@ ītas uz nosaukumu Nat@@ W@@ est .
Īrijas Republikā un Ziemeļīr@@ ijā jau tiek lietot@@ s zīm@@ ols The Ul@@ st@@ er Bank .
tagad ie@@ vērību gūs arī mazāki privāto finanšu zīm@@ ol@@ i , piemēram , C@@ ou@@ t@@ ts , Adam &amp; C@@ o , D@@ rum@@ mon@@ d , un Hol@@ t &apos; s Mil@@ it@@ ary Bank .
Mak@@ ev@@ ans tika inter@@ vē@@ ts iz@@ brauciena laikā ar klientiem un darbiniekiem pa In@@ ver@@ nes@@ š@@ īru .
viņš pavēstīja BBC Skot@@ ija kan@@ ālam : &quot; SK@@ B kļūs par mūsu investoru zīm@@ olu un ar kuru strādā mūsu darbinieki , jo tagad mēs kļū@@ stam vairāk par zīm@@ olu banku &quot; .
ar laiku pati banka kļuva par globālu zīm@@ olu un SK@@ B kļuva par globālu zīm@@ olu .
tagad es saku , ka mums vairs nav globālu amb@@ īciju , mums ir vietēja mēroga amb@@ īcijas .
katrs no šiem zīm@@ ol@@ iem pārstāvē@@ s kaut ko unik@@ ālu savā nozarē un mūsu darbinieki strādās ar klientiem zem šiem zīm@@ ol@@ iem .
SK@@ B jau paziņoja , ka ne@@ turpinās &quot; Se@@ šu Nāciju &quot; sponsor@@ ēšanu un iesaist@@ īs dažādus zīm@@ ol@@ us sporta sponsor@@ ēšanā .
&quot; ir pienācis īstais laiks kļūt par zīm@@ olu banku , jo mēs jau sen paši sev esam uzdev@@ uši jautājumu , kā kļūt par labāku banku saviem klientiem ? &quot; stāsta izpilddirektors .
pirms trim gadiem būtu bijis ļoti cin@@ iski , ja mēs paziņ@@ otu , ka kļū@@ sim par lielisku banku mūsu klientiem un attīst@@ īsim šos zīm@@ ol@@ us .
taču pateicoties smag@@ am darbam un koncentrējoties uz klientu vajadzībām , nevis mūsu pašu vajadzībām , mēs acīmredzami esam panākuši lielas izmaiņas .
mēs atkal varam atdzīv@@ ināt šos zīm@@ ol@@ us , tādēļ es domāju , ka tagad ir īstais laiks .
